ADDED_TO_POUR_UNIT,Int32
ADDRESS,String
ACN,Int32
ACTIVE_DESIGN_CODE,Int32
ACTUAL_STARTDATE,Int32
ACTUAL_ENDDATE,Int32
ALIAS_NAME1,String
ALIAS_NAME2,String
ALIAS_NAME3,String
ANALYSIS_MODEL_NAME,String
ANG_S,Double
ANG_T,Double
ANG_U,Double
ANG_U_MAX,Double
ANG_U_MIN,Double
ANG_V,Double
ANG_V_MAX,Double
ANG_V_MIN,Double
ANGLE,Double
AREA,Double
AREA_GROSS,Double
AREA_NET,Double
AREA_PER_TONS,Double
AREA_PLAN,Double
AREA_PROJECTION_GXY_NET,Double
AREA_PROJECTION_GXZ_NET,Double
AREA_PROJECTION_GYZ_NET,Double
AREA_PROJECTION_GXY_GROSS,Double
AREA_PROJECTION_GXZ_GROSS,Double
AREA_PROJECTION_GYZ_GROSS,Double
AREA_PROJECTION_XY_NET,Double
AREA_PROJECTION_XZ_NET,Double
AREA_PROJECTION_YZ_NET,Double
AREA_PROJECTION_XY_GROSS,Double
AREA_PROJECTION_XZ_GROSS,Double
AREA_PROJECTION_YZ_GROSS,Double
AREA_PGZ,Double
AREA_NGZ,Double
AREA_PGX,Double
AREA_NGX,Double
AREA_PGY,Double
AREA_NGY,Double
AREA_PZ,Double
AREA_NZ,Double
AREA_PX,Double
AREA_NX,Double
AREA_PY,Double
AREA_NY,Double
AREA_FORM_TOP,Double
AREA_FORM_BOTTOM,Double
AREA_FORM_SIDE,Double
AREA_FORM_TOP_GLOBAL,Double
AREA_FORM_BOTTOM_GLOBAL,Double
AREA_FORM_SIDE_GLOBAL,Double
ASSEMBLY_BOTTOM_LEVEL,String
ASSEMBLY_BOTTOM_LEVEL_BASEPOINT,String
ASSEMBLY_BOTTOM_LEVEL_GLOBAL,String
ASSEMBLY_BOTTOM_LEVEL_PROJECT,String
ASSEMBLY_BOTTOM_LEVEL_UNFORMATTED,Double
ASSEMBLY_BOTTOM_LEVEL_UNFORMATTED_BASEPOINT,Double
ASSEMBLY_BOTTOM_LEVEL_UNFORMATTED_PROJECT,Double
ASSEMBLY_BOTTOM_LEVEL_GLOBAL_UNFORMATTED,Double
ASSEMBLY_DEFAULT_PREFIX,Double
ASSEMBLY_DEFAULT_PREFIX,String
ASSEMBLY_DEFAULT_PREFIX,Int32
ASSEMBLY_NAME,String
ASSEMBLY_PLWEIGHT,Double
ASSEMBLY_POS,String
ASSEMBLY_POSITION_CODE,String
ASSEMBLY_PREFIX,String
ASSEMBLY_SERIAL_NUMBER,Int32
ASSEMBLY_START_NUMBER,Int32
ASSEMBLY_TOP_LEVEL,String
ASSEMBLY_TOP_LEVEL_BASEPOINT,String
ASSEMBLY_TOP_LEVEL_GLOBAL,String
ASSEMBLY_TOP_LEVEL_PROJECT,String
ASSEMBLY_TOP_LEVEL_UNFORMATTED,Double
ASSEMBLY_TOP_LEVEL_UNFORMATTED_BASEPOINT,Double
ASSEMBLY_TOP_LEVEL_UNFORMATTED_PROJECT,Double
ASSEMBLY_TOP_LEVEL_GLOBAL_UNFORMATTED,Double
ASSOCIATED_OBJECT_ID,Int32
ATTACHED_TO	,Int32
ATTACHEDPARTID,Int32
AUTOPRIMARYWEIGHT,Int32
BOLT_COUNTERSUNK,Int32
BOLT_EDGE_DISTANCE,Double
BOLT_EDGE_DISTANCE_MIN,Double
BOLT_MATERIAL_LENGTH,Double
BOLT_NPARTS,Int32
BOLT_STANDARD,String
BOLT_THREAD_LENGTH,Double
BOTTOM_LEVEL,String
BOTTOM_LEVEL_BASEPOINT,String
BOTTOM_LEVEL_GLOBAL,String
BOTTOM_LEVEL_PROJECT,String
BOTTOM_LEVEL_UNFORMATTED,Double
BOTTOM_LEVEL_UNFORMATTED_BASEPOINT,Double
BOTTOM_LEVEL_UNFORMATTED_PROJECT,Double
BOTTOM_LEVEL_GLOBAL_UNFORMATTED,Double
BOUNDING_BOX_MIN_X,Double
BOUNDING_BOX_MIN_Y,Double
BOUNDING_BOX_MIN_Z,Double
BOUNDING_BOX_MIN_X_BASEPOINT,Double
BOUNDING_BOX_MIN_Y_BASEPOINT,Double
BOUNDING_BOX_MIN_Z_BASEPOINT,Double
BOUNDING_BOX_MIN_X_PROJECT,Double
BOUNDING_BOX_MIN_Y_PROJECT,Double
BOUNDING_BOX_MIN_Z_PROJECT,Double
BOUNDING_BOX_MAX_X,Double
BOUNDING_BOX_MAX_Y,Double
BOUNDING_BOX_MAX_Z,Double
BOUNDING_BOX_MAX_X_BASEPOINT,Double
BOUNDING_BOX_MAX_Y_BASEPOINT,Double
BOUNDING_BOX_MAX_Z_BASEPOINT,Double
BOUNDING_BOX_MAX_X_PROJECT,Double
BOUNDING_BOX_MAX_Y_PROJECT,Double
BOUNDING_BOX_MAX_Z_PROJECT,Double
BOUNDING_BOX_X,Double
BOUNDING_BOX_Y,Double
BOUNDING_BOX_Z,Double
BUILDER,String
CANTILEVER,Double
CAST_UNIT_HEIGHT_ONLY_CONCRETE_PARTS,Double
CAST_UNIT_HEIGHT_ONLY_PARTS,Double
CAST_UNIT_HEIGHT_TOTAL,Double
CAST_UNIT_LENGTH_ONLY_CONCRETE_PARTS,Double
CAST_UNIT_LENGTH_ONLY_PARTS,Double
CAST_UNIT_LENGTH_TOTAL,Double
CAST_UNIT_NAME,String
CAST_UNIT_POS,String
CAST_UNIT_POSITION_CODE,String
CAST_UNIT_PREFIX,String
CAST_UNIT_REBAR_WEIGHT,Double
CAST_UNIT_SERIAL_NUMBER,Int32
CAST_UNIT_TYPE,String
CAST_UNIT_VERTICAL_POSITION_CODE,String
CAST_UNIT_WIDTH_ONLY_CONCRETE_PARTS,Double
CAST_UNIT_WIDTH_ONLY_PARTS,Double
CAST_UNIT_WIDTH_TOTAL,Double
CATALOG_NAME,String
CC,String
CC_CROSS,String
CC_DIAMETER_CROSS,String
CC_DIAMETER_LONG,String
CC_DIAMETER_MAX_CROSS,Double
CC_DIAMETER_MAX_LONG,Double
CC_DIAMETER_MIN_CROSS,Double
CC_DIAMETER_MIN_LONG,Double
CC_EXACT,String
CC_EXACT_CROSS,String
CC_EXACT_LONG,String
CC_LONG,String
CC_MAX,Double
CC_MAX_CROSS,Double
CC_MAX_LONG,Double
CC_MIN,Double
CC_MIN_CROSS,Double
CC_MIN_LONG,Double
CC_PITCHING_CROSS,String
CC_PITCHING_LONG,String
CC_TARGET,Double
CHANGES,String
CHECKED_BY,String
CLASS,String
CLASS_ATTR,String
CODE,String
COG_X,Double
COG_Y,Double
COG_Z,Double
COG_X_BASEPOINT,Double
COG_Y_BASEPOINT,Double
COG_Z_BASEPOINT,Double
COG_X_PROJECT,Double
COG_Y_PROJECT,Double
COG_Z_PROJECT,Double
COLOR,String
COMMENT,String
COMPATIBLE,Int32
COMPLETENESS,String
CONCRETE_COVER_END,Double
CONCRETE_COVER_FROM_PLANE,Double
CONCRETE_COVER_ON_PLANE,Double
CONCRETE_COVER_ON_PLANE_MAX,Double
CONCRETE_COVER_ON_PLANE_MIN,Double
CONCRETE_COVER_START,Double
CONCRETE_MIXTURE,String
CONNECTED_ASSEMBLIES,String
CONNECTED_PARTS,String
CONNECTION_CODE,String
CONNECTION_DSTV,String
CONNECTION_ERROR,Int32
CONNECTION_GROUP,Int32
CONNECTION_NUMBER,Int32
CONNECTION_RUNNING_NUMBER,Int32
CONTENTTYPE,String
CONTINUOUSBEAMMODE,Int32
CONTRACTOR,String
COUNTRY,String
COVER_AREA,Double
CROSS_SECTION_AREA,Double
CROSS_SECTION_AREA_START,Double
CROSS_SECTION_AREA_END,Double
CURRENT_PHASE,Int32
CURRENT_USER,String
CURVED_SEGMENTS,Double
CURVED_SEGMENTS,String
CURVED_SEGMENTS,Int32
CREATED,String
CREATED_BY,String
DATE,Int32
DATE_CHECKED,Int32
DATE_CREATE,Int32
DATE_END,String
DATE_ISSUE,Int32
DATE_LAST,Int32
DATE_MODIFY,Int32
DATE_PLOT,Int32
DATE_APPROVED,Int32
DATE_START,String
DELIVERY,String
DEPTH,Double
DESCRIPTION,String
DESIGNER,String
DIAMETER,Double
DIAMETER_1,Double
DIAMETER_2,Double
DIAMETER_ACTUAL,Double
DIAMETER_NOMINAL,Double
DIAMETER_X,Double
DIAMETER_Y,Double
DIM_A,Double
DIM_A_MAX,Double
DIM_A_MIN,Double
DIM_B,Double
DIM_B_MAX,Double
DIM_B_MIN,Double
DIM_C,Double
DIM_C_MAX,Double
DIM_C_MIN,Double
DIM_D,Double
DIM_D_MAX,Double
DIM_D_MIN,Double
DIM_E,Double
DIM_E_MAX,Double
DIM_E_MIN,Double
DIM_F,Double
DIM_F_MAX,Double
DIM_F_MIN,Double
DIM_G,Double
DIM_G_MAX,Double
DIM_G_MIN,Double
DIM_H1,Double
DIM_H1_MAX,Double
DIM_H1_MIN,Double
DIM_H2,Double
DIM_H2_MAX,Double
DIM_H2_MIN,Double
DIM_I,Double
DIM_I_MAX,Double
DIM_I_MIN,Double
DIM_J,Double
DIM_J_MAX,Double
DIM_J_MIN,Double
DIM_K1,Double
DIM_K1_MAX,Double
DIM_K1_MIN,Double
DIM_K2,Double
DIM_K2_MAX,Double
DIM_K2_MIN,Double
DIM_K,Double
DIM_K,String
DIM_K,Int32
DIM_K_MAX,Double
DIM_K_MAX,String
DIM_K_MAX,Int32
DIM_K_MIN,Double
DIM_K_MIN,String
DIM_K_MIN,Int32
DIM_L,Double
DIM_L,String
DIM_L,Int32
DIM_L_MAX,Double
DIM_L_MAX,String
DIM_L_MAX,Int32
DIM_L_MIN,Double
DIM_L_MIN,String
DIM_L_MIN,Int32
DIM_O,Double
DIM_O_MAX,Double
DIM_O_MIN,Double
DIM_R,Double
DIM_R_ALL,String
DIM_R_MAX,Double
DIM_R_MIN,Double
DIM_TD,Double
DIM_TD_MAX,Double
DIM_TD_MIN,Double
DIM_WEIGHT,Double
DIM_X,Double
DIM_X_MAX,Double
DIM_X_MIN,Double
DIM_Y,Double
DIM_Y_MAX,Double
DIM_Y_MIN,Double
DIMENSION_A,Double
DIMENSION_B,Double
DIRECTION,String
DISCIPLINE,String
DISPERSIONANGLE,Double
DR_DEFAULT_HOLE_SIZE,Double
DR_DEFAULT_WELD_SIZE,Double
DR_PART_POS,String
ECCENTRICITY_X,Double
ECCENTRICITY_Y,Double
EDGE_FOLD,Double
EDGE_FOLD_1,Double
EDGE_FOLD_2,Double
END_X,Double
END_Y,Double
END_Z,Double
END_X_BASEPOINT,Double
END_Y_BASEPOINT,Double
END_Z_BASEPOINT,Double
END_X_PROJECT,Double
END_Y_PROJECT,Double
END_Z_PROJECT,Double
END_X_IN_WORK_PLANE,Double
END_Y_IN_WORK_PLANE,Double
END_Z_IN_WORK_PLANE,Double
END1_ANGLE_Y,Double
END1_ANGLE_Z,Double
END1_CUT_ANGLE_Y,Double
END1_CUT_ANGLE_Z,Double
END1_CODE,Int32
END1_SKEW,Int32
END2_ANGLE_Y,Double
END2_ANGLE_Z,Double
END2_CUT_ANGLE_Y,Double
END2_CUT_ANGLE_Z,Double
END2_CODE,Int32
END2_SKEW,Int32
EXTERNAL_GUID,String
EXTRA_LENGTH,Double
FILTER,String
FILTERINCLUDE,Int32
FLANGE_LENGTH_B,Double
FLANGE_LENGTH_U,Double
FLANGE_SLOPE_RATIO,Double
FLANGE_THICKNESS,Double
FLANGE_THICKNESS_1,Double
FLANGE_THICKNESS_2,Double
FLANGE_THICKNESS_B,Double
FLANGE_THICKNESS_U,Double
FLANGE_WIDTH,Double
FLANGE_WIDTH_1,Double
FLANGE_WIDTH_2,Double
FLANGE_WIDTH_B,Double
FLANGE_WIDTH_U,Double
FINISH,String
GRADE,String
GROUP_ID,Int32
GROUP_NAME,String
GROUP_POS,String
GROUP_TYPE,Int32
GROUP_TYPENAME,String
GUID,String
HAS_CONNECTIONS,Int32
HAS_HOLES,Int32
HEAD_DIAMETER,Double
HEAD_THICKNESS,Double
HEAD_TYPE,String
HEIGHT,Double
HEIGHT_1,Double
HEIGHT_2,Double
HEIGHT_3,Double
HEIGHT_4,Double
HIERARCHY_LEVEL,Int32
HOLE_TOLERANCE,Double
HOOK_END,Double
HOOK_END_ANGLE,String
HOOK_END_RADIUS,Double
HOOK_END_LENGTH,Double
HOOK_START,Double
HOOK_START_ANGLE,String
HOOK_START_RADIUS,Double
HOOK_START_RADIUS,String
HOOK_START_RADIUS,Int32
HOOK_START_LENGTH,Double
HOOK_START_LENGTH,String
HOOK_START_LENGTH,Int32
ID,Int32
INCOMPATIBLE,Int32
INFO1,String
INFO2,String
INNER_DIAMETER,Double
IS_BENT_PLATE,Int32
IS_CONCEPTUAL,Int32
IS_CURVED,Int32
IS_FROZEN,Int32
IS_ISSUED,Int32
IS_ITEM,Int32
IS_LOCKED,Int32
IS_READY_FOR_ISSUE,Int32
IS_POLYBEAM,Int32
IS_POUR_BREAK_VALID,Int32
IS_REBARSET_BAR,Int32
IS_SPIRAL_BEAM,Int32
IS_LOFTED_PART,Int32
LAST,String
LAST_CREATED_BY,String
LAST_CHECKED_BY,String
LAST_DATE_CREATE,Int32
LAST_DATE_CHECKED,Int32
LAST_DATE_APPROVED,Int32
LAST_DESCRIPTION,String
LAST_DELIVERY,String
LAST_INFO1,String
LAST_INFO2,String
LAST_MARK,String
LAST_APPROVED_BY,String
LAST_TEXT1,String
LAST_TEXT2,String
LAST_TEXT3,String
LAYER,String
LEG_LENGTH_END,Double
LEG_LENGTH_START,Double
LENGTH,Double
LENGTH_GROSS,Double
LENGTH_MAX,Double
LENGTH_MIN,Double
LONGHOLE_MAX,Double
LONGHOLE_MIN,Double
LENGTH_NET	,Double
LOCATION,String
LOCKED_BY,String
READY_FOR_ISSUE_BY,String
LONG_HOLE_X,Double
LONG_HOLE_Y,Double
LOT_NAME,String
LOT_NUMBER,Int32
MAGNITUDEINFO,String
MAIN_PART,Int32
MAJOR_AXIS_LENGTH_1,Double
MAJOR_AXIS_LENGTH_2,Double
MARK,String
MATERIAL,String
MATERIAL_TYPE,String
MESH_POS,String
MINOR_AXIS_LENGTH_1,Double
MINOR_AXIS_LENGTH_2,Double
MODEL,String
MODEL_PATH,String
MODEL_TOTAL,Int32
MODIFIED,String
MODIFIED_ACTION,String
MODIFIED_BY,String
MODULUS_OF_ELASTICITY,Double
MOMENT_OF_INERTIA_X,Double
MOMENT_OF_INERTIA_Y,Double
MORTAR_VOLUME,Double
NAME,String
NAME_BASE,String
NAME_FULL,String
NAME_SHORT,String
NEUTRAL_AXIS_LOCATION_ELASTIC_X,Double
NEUTRAL_AXIS_LOCATION_ELASTIC_Y,Double
NEUTRAL_AXIS_LOCATION_PLASTIC_X,Double
NEUTRAL_AXIS_LOCATION_PLASTIC_Y,Double
NORMALIZED_WARPING_CONSTANT,Double
NUMBER#1,Int32
NUMBER#2,String
NUMBER_IN_PHASE(X),Int32
NUMBER_OF_BARS_IN_GROUP,Int32
NUMBER_OF_TILE_TYPES,Int32
OBJECT,String
OBJECT_DESCRIPTION,String
OBJECT_LOCKED,String
OBJECT_TYPE,String
ORIGIN_X,Double
ORIGIN_Y,Double
ORIGIN_Z,Double
ORIGIN_X_BASEPOINT,Double
ORIGIN_Y_BASEPOINT,Double
ORIGIN_Z_BASEPOINT,Double
ORIGIN_X_PROJECT,Double
ORIGIN_Y_PROJECT,Double
ORIGIN_Z_PROJECT,Double
OWNER,String
PAGE,Int32
PART_POS,String
PART_PREFIX,String
PART_SERIAL_NUMBER,Int32
PART_START_NUMBER,Int32
PCS,Int32
PERCENT_COMPLETE,Double
PERCENT_COMPLETE,String
PERCENT_COMPLETE,Int32
PERIMETER,Double
PHASE,Int32
PLANNED_STARTDATE,Int32
PLANNED_ENDDATE,Int32
PLASTIC_MODULUS_X,Double
PLASTIC_MODULUS_Y,Double
PLATE_DENSITY,Double
PLATE_THICKNESS,Double
PLATE_TOP_VIEW,String
PLOTFILE,String
POISSONS_RATIO,Double
POLAR_RADIUS_OF_GYRATION,Double
POSITION_X,Double
POSITION_Y,Double
POSITION_Z,Double
POSTAL_BOX,String
POSTAL_CODE,String
POUR_NUMBER,String
POUR_PHASE,Int32
POUR_TYPE,String
PREFIX,String
PRELIM_MARK,String
PRELIM_ASSEM_MARK,String
PRIMARYWEIGHT,Double
PRODUCT_NAME,String
PROFILE,String
PROFILE_DENSITY,Double
PROFILE_TYPE,String
PROFILE_WEIGHT,Double
PROFILE_WEIGHT_NET,Double
APPROVED_BY,String
PULLOUT,String
RADIUS,Double
RADIUS,String
RADIUS,Int32
RADIUS_OF_GYRATION_X,Double
RADIUS_OF_GYRATION_Y,Double
RAIL_ANGLE,Double
RAIL_OFFSET,Double
RAIL_RADIUS,Double
REBAR_MESH_LEFT_OVERHANG_LONG,Double
REBAR_MESH_RIGHT_OVERHANG_LONG,Double
REBAR_MESH_LEFT_OVERHANG_CROSS,Double
REBAR_MESH_RIGHT_OVERHANG_CROSS,Double
REBAR_POS,String
REGION,String
RESULTANT_X,Double
RESULTANT_Y,Double
RESULTANT_Z,Double
RESULTANT_LOCAL_X,Double
RESULTANT_LOCAL_Y,Double
RESULTANT_LOCAL_Z,Double
RESULTANT_CURRENT_X,Double
RESULTANT_CURRENT_Y,Double
RESULTANT_CURRENT_Z,Double
REVISION_CODE,String
ROUNDING_RADIUS,Double
ROUNDING_RADIUS_1,Double
ROUNDING_RADIUS_2,Double
ROW_IN_ALLPAGES,Int32
ROW_IN_PAGE,Int32
SAWING_ITEM,String
SCALE,String
SCALE1,String
SCALE2,String
SCALE3,String
SCALE4,String
SCALE5,String
SECTION_MODULUS_X,Double
SECTION_MODULUS_Y,Double
SERIAL_NUMBER,Int32
START_NUMBER,Int32
SHAPE,String
SHAPE_INTERNAL,String
SHEAR_CENTER_LOCATION,Double
SIMILAR_TO_MAIN_PART,Int32
SITE_WORKSHOP,String
SIZE,String
SORT_OF_E_x_Cw_PER_G_x_J,Double
SPANNING,Int32
SPANNINGDIRECTION_X,Double
SPANNINGDIRECTION_Y,Double
SPANNINGDIRECTION_Z,Double
SPIRAL_ROTATION_ANGLE,Double
SPIRAL_ROTATION_AXIS_BASE_POINT_X,Double
SPIRAL_ROTATION_AXIS_BASE_POINT_Y,Double
SPIRAL_ROTATION_AXIS_BASE_POINT_Z,Double
SPIRAL_ROTATION_AXIS_BASE_POINT_X_PROJECT,Double
SPIRAL_ROTATION_AXIS_BASE_POINT_Y_PROJECT,Double
SPIRAL_ROTATION_AXIS_BASE_POINT_Z_PROJECT,Double
SPIRAL_ROTATION_AXIS_BASE_POINT_X_BASEPOINT,Double
SPIRAL_ROTATION_AXIS_BASE_POINT_Y_BASEPOINT,Double
SPIRAL_ROTATION_AXIS_BASE_POINT_Z_BASEPOINT,Double
SPIRAL_ROTATION_AXIS_BASE_POINT_X_IN_WORK_PLANE,Double
SPIRAL_ROTATION_AXIS_BASE_POINT_Y_IN_WORK_PLANE,Double
SPIRAL_ROTATION_AXIS_BASE_POINT_Z_IN_WORK_PLANE,Double
SPIRAL_ROTATION_AXIS_UP_POINT_X,Double
SPIRAL_ROTATION_AXIS_UP_POINT_Y,Double
SPIRAL_ROTATION_AXIS_UP_POINT_Z,Double
SPIRAL_ROTATION_AXIS_UP_POINT_X_PROJECT,Double
SPIRAL_ROTATION_AXIS_UP_POINT_Y_PROJECT,Double
SPIRAL_ROTATION_AXIS_UP_POINT_Z_PROJECT,Double
SPIRAL_ROTATION_AXIS_UP_POINT_X_BASEPOINT,Double
SPIRAL_ROTATION_AXIS_UP_POINT_Y_BASEPOINT,Double
SPIRAL_ROTATION_AXIS_UP_POINT_Z_BASEPOINT,Double
SPIRAL_ROTATION_AXIS_UP_POINT_X_IN_WORK_PLANE,Double
SPIRAL_ROTATION_AXIS_UP_POINT_Y_IN_WORK_PLANE,Double
SPIRAL_ROTATION_AXIS_UP_POINT_Z_IN_WORK_PLANE,Double
SPIRAL_TOTAL_RISE,Double
SPIRAL_TWIST_START,Double
SPIRAL_TWIST_END,Double
START_X,Double
START_Y,Double
START_Z,Double
START_X_BASEPOINT,Double
START_Y_BASEPOINT,Double
START_Z_BASEPOINT,Double
START_X_IN_WORK_PLANE,Double
START_Y_IN_WORK_PLANE,Double
START_Z_IN_WORK_PLANE,Double
START_X_PROJECT,Double
START_Y_PROJECT,Double
START_Z_PROJECT,Double
STATICAL_MOMENT_Qf,Double
STATICAL_MOMENT_Qw,Double
STIFFENER_DIMENSION,Double
STIFFENER_DIMENSION_1,Double
STIFFENER_DIMENSION_2,Double
STIFFENER_DIMENSION_3,Double
STRAND_PULL_FORCE,Double
STRAND_N_PATTERN,Int32
STRAND_N_STRAND,Int32
STRAND_POS,String
STRAND_UNBONDED,String
STRAND_DEBONDED_STRANDS_1,String
STRAND_DEBOND_LEN_FROM_START_1,Double
STRAND_DEBOND_LEN_MIDDLE_TO_START_1,Double
STRAND_DEBOND_LEN_MIDDLE_TO_END_1,Double
STRAND_DEBOND_LEN_FROM_END_1,Double
STRAND_DEBONDED_STRANDS_2,String
STRAND_DEBOND_LEN_FROM_START_2,Double
STRAND_DEBOND_LEN_MIDDLE_TO_START_2,Double
STRAND_DEBOND_LEN_MIDDLE_TO_END_2,Double
STRAND_DEBOND_LEN_FROM_END_2,Double
STRAND_DEBONDED_STRANDS_3,String
STRAND_DEBOND_LEN_FROM_START_3,Double
STRAND_DEBOND_LEN_MIDDLE_TO_START_3,Double
STRAND_DEBOND_LEN_MIDDLE_TO_END_3,Double
STRAND_DEBOND_LEN_FROM_END_3,Double
STRAND_DEBONDED_STRANDS_4,String
STRAND_DEBOND_LEN_FROM_START_4,Double
STRAND_DEBOND_LEN_MIDDLE_TO_START_4,Double
STRAND_DEBOND_LEN_MIDDLE_TO_END_4,Double
STRAND_DEBOND_LEN_FROM_END_4,Double
STRAND_DEBONDED_STRANDS_5,String
STRAND_DEBOND_LEN_FROM_START_5,Double
STRAND_DEBOND_LEN_MIDDLE_TO_START_5,Double
STRAND_DEBOND_LEN_MIDDLE_TO_END_5,Double
STRAND_DEBOND_LEN_FROM_END_5,Double
SUBTYPE,Double
SUPPLEMENT_PART_WEIGHT,Double
SURFACING_NAME,String
TANGENT_OF_PRINCIPAL_AXIS_ANGLE,Double
TASKTYPE,String
TEXT1,String
TEXT2,String
TEXT3,String
THERMAL_DILATATION,Double
THICKNESS,Double
THREAD_IN_MATERIAL,Int32
THREAD_TYPE_START,String
THREAD_TYPE_END,String
THREAD_LENGTH_START,Double
THREAD_LENGTH_END,Double
EXTRA_LENGTH_START,Double
EXTRA_LENGTH_END,Double
TILE_VOLUME,Double
TIME,String
TITLE,String
TITLE1,String
TITLE2,String
TITLE3,String
TOP_LEVEL,String
TOP_LEVEL_BASEPOINT,String
TOP_LEVEL_GLOBAL,String
TOP_LEVEL_PROJECT,String
TOP_LEVEL_UNFORMATTED,Double
TOP_LEVEL_UNFORMATTED_BASEPOINT,Double
TOP_LEVEL_UNFORMATTED_PROJECT,Double
TOP_LEVEL_GLOBAL_UNFORMATTED,Double
TORSIONAL_CONSTANT,Double
TOUCHED,String
TOUCHED_ACTION,String
TOUCHED_BY,String
TOWN,String
TYPE,String
TYPE1,String
TYPE2,String
TYPE3,String
TYPE4,String
TYPENUMBER,Int32
TYPENAME,String
USAGE,String
USAGE_VALUE,Int32
USER,String
USER_PHASE,String
VENDOR,String
WARPING_CONSTANT,Double
WARPING_STATICAL_MOMENT,Double
WASHER_THICKNESS,Double
WEB_HEIGHT,Double
WEB_LENGTH,Double
WEB_THICKNESS,Double
WEB_THICKNESS_1,Double
WEB_THICKNESS_2,Double
WEB_WIDTH,Double
WEIGHT,Double
WEIGHT_GROSS,Double
WEIGHT_M,Double
WEIGHT_MAX,Double
WEIGHT_MIN,Double
WEIGHT_NET,Double
WEIGHT_ONLY_CONCRETE_PARTS,Double
WEIGHT_ONLY_POUR_OBJECT,Double
WEIGHT_NET_ONLY_CONCRETE_PARTS,Double
WEIGHT_NET_ONLY_POUR_OBJECT,Double
WEIGHT_ONLY_REBARS,Double
WEIGHT_PER_UNIT_LENGTH,Double
WEIGHT_TOTAL,Double
WEIGHT_TOTAL_IN_GROUP,Double
WELD_ACTUAL_LENGTH1,Double
WELD_ACTUAL_LENGTH2,Double
WELD_ADDITIONAL_SIZE1,Double
WELD_ADDITIONAL_SIZE2,Double
WELD_ANGLE1,Double
WELD_ANGLE2,Double
WELD_ASSEMBLYTYPE,String
WELD_CROSSSECTION_AREA1,Double
WELD_CROSSSECTION_AREA2,Double
WELD_DEFAULT,Double
WELD_DIM_TYPE,String
WELD_DIRECTION_X,Double
WELD_DIRECTION_Y,Double
WELD_DIRECTION_Z,Double
WELD_EDGE_AROUND,String
WELD_ERRORLIST,String
WELD_EFFECTIVE_THROAT,Double
WELD_EFFECTIVE_THROAT2,Double
WELD_ELECTRODE_CLASSIFICATION,String
WELD_ELECTRODE_COEFFICIENT,Double
WELD_ELECTRODE_STRENGTH,Double
WELD_FATHER_CODE,String
WELD_FATHER_NUMBER,String
WELD_FILLTYPE1,String
WELD_FILLTYPE2,String
WELD_FINISH1,String
WELD_FINISH2,String
WELD_INCREMENT_AMOUNT1,Int32
WELD_INCREMENT_AMOUNT2,Int32
WELD_INTERMITTENT_TYPE,String
WELD_LENGTH1,Double
WELD_LENGTH2,Double
WELD_LOGICAL_WELD,String
WELD_NDT_INSPECTION,String
WELD_NUMBER,String
WELD_NUMBER_PREFIX,String
WELD_PERIOD1,Double
WELD_PERIOD2,Double
WELD_POSITION,String
WELD_POSITION_X,Double
WELD_POSITION_Y,Double
WELD_POSITION_Z,Double
WELD_PROCESS_TYPE,String
WELD_ROOT_FACE_THICKNESS,Double
WELD_ROOT_FACE_THICKNESS2,Double
WELD_ROOT_OPENING,Double
WELD_ROOT_OPENING2,Double
WELD_SIZE_PREFIX_ABOVE,String
WELD_SIZE_PREFIX_BELOW,String
WELD_SIZE1,Double
WELD_SIZE2,Double
WELD_TEXT,String
WELD_TYPE1,String
WELD_TYPE2,String
WELD_VOLUME,Double
WIDTH,Double
WIDTH_1,Double
WIDTH_2,Double
VOLUME,Double
VOLUME_GROSS,Double
VOLUME_NET,Double
VOLUME_ONLY_CONCRETE_PARTS,Double
VOLUME_ONLY_POUR_OBJECT,Double
VOLUME_NET_ONLY_CONCRETE_PARTS,Double
X_DIRECTION_WIDTH,Double
Y_DIRECTION_WIDTH,Double
ACTUAL_END_D,Int32
ACTUAL_END_E,Int32
ACTUAL_END_F,Int32
ACTUAL_START_D,Int32
ACTUAL_START_E,Int32
ACTUAL_START_F,Int32
CIP_STATUS,String
DELIVERY_NUMBER,String
DESIGN_ASSIGNED_TO,String
DESIGN_CHECKED_BY,String
DESIGN_CHECK_DATE,Int32
DESIGN_CODE,String
DESIGN_COMMENT,String
ERECTION_CODE,String
ERECTION_COMMENT,String
ERECTIONSTATUS,String
FABRICATION_CODE,String
FABRICATION_STATUS,String
PACKAGE_NUMBER,String
PLANNED_END_D,Int32
PLANNED_END_E,Int32
PLANNED_END_F,Int32
PLANNED_START_D,Int32
PLANNED_START_E,Int32
PLANNED_START_F,Int32
PLANS_STATUS,String
SHIPMENT_NUMBER,String
LBS_PROJECT,String
LBS_BUILDING,String
LBS_SECTION,String
LBS_SITE,String
LBS_FLOOR,String
LBS_FLOOR_ELEVATION,Double
LBS_FLOOR_ELEVATION_BASEPOINT,Double
LBS_FLOOR_ELEVATION_PROJECT,Double
LBS_HIERARCHY_LEVEL_NUMBER,Int32
LBS_HIERARCHY,String
[BINDINGS],Double
[BINDINGS],String
[BINDINGS],Int32
ANALYSIS_RIGID_LINK,Double
ANALYSIS_RIGID_LINK,String
ANALYSIS_RIGID_LINK,Int32
ANTIMATERIAL,Double
ANTIMATERIAL,String
ANTIMATERIAL,Int32
ASSEMBLY,Double
ASSEMBLY,String
ASSEMBLY,Int32
BOLT,Double
BOLT,String
BOLT,Int32
CAST_UNIT,Double
CAST_UNIT,String
CAST_UNIT,Int32
HIERARCHIC_CAST_UNIT,Double
HIERARCHIC_CAST_UNIT,String
HIERARCHIC_CAST_UNIT,Int32
CHAMFER,Double
CHAMFER,String
CHAMFER,Int32
CONNECTION,Double
CONNECTION,String
CONNECTION,Int32
DRAWING,Double
DRAWING,String
DRAWING,Int32
FOOTER,Double
FOOTER,String
FOOTER,Int32
HEADER,Double
HEADER,String
HEADER,Int32
HISTORY,Double
HISTORY,String
HISTORY,Int32
HOLE,Double
HOLE,String
HOLE,Int32
LOAD,Double
LOAD,String
LOAD,Int32
LOADGROUP,Double
LOADGROUP,String
LOADGROUP,Int32
MESH,Double
MESH,String
MESH,Int32
NUT,Double
NUT,String
NUT,Int32
PAGEFOOTER,Double
PAGEFOOTER,String
PAGEFOOTER,Int32
PAGEHEADER,Double
PAGEHEADER,String
PAGEHEADER,Int32
PART,Double
PART,String
PART,Int32
POUR_BREAK,Double
POUR_BREAK,String
POUR_BREAK,Int32
POUR_OBJECT,Double
POUR_OBJECT,String
POUR_OBJECT,Int32
POUR_UNIT,Double
POUR_UNIT,String
POUR_UNIT,Int32
PROJECT,Double
PROJECT,String
PROJECT,Int32
REBAR,Double
REBAR,String
REBAR,Int32
REFERENCE_MODEL,Double
REFERENCE_MODEL,String
REFERENCE_MODEL,Int32
REFERENCE_OBJECT,Double
REFERENCE_OBJECT,String
REFERENCE_OBJECT,Int32
REFERENCE_ASSEMBLY,Double
REFERENCE_ASSEMBLY,String
REFERENCE_ASSEMBLY,Int32
REVISION,Double
REVISION,String
REVISION,Int32
SIMILAR_ASSEMBLY,Double
SIMILAR_ASSEMBLY,String
SIMILAR_ASSEMBLY,Int32
SIMILAR_CAST_UNIT,Double
SIMILAR_CAST_UNIT,String
SIMILAR_CAST_UNIT,Int32
SIMILAR_PART,Double
SIMILAR_PART,String
SIMILAR_PART,Int32
SINGLE_REBAR,Double
SINGLE_REBAR,String
SINGLE_REBAR,Int32
SINGLE_STRAND,Double
SINGLE_STRAND,String
SINGLE_STRAND,Int32
STRAND,Double
STRAND,String
STRAND,Int32
STUD,Double
STUD,String
STUD,Int32
SURFACE,Double
SURFACE,String
SURFACE,Int32
SURFACING,Double
SURFACING,String
SURFACING,Int32
TASK,Double
TASK,String
TASK,Int32
WASHER,Double
WASHER,String
WASHER,Int32
WELD,Double
WELD,String
WELD,Int32
